Archive member included to satisfy reference by file (symbol)

/usr/lib/gcc/arm-none-eabi/6.3.1/libgcc.a(_udivsi3.o)
                              build/stdio.o (__aeabi_uidiv)
/usr/lib/gcc/arm-none-eabi/6.3.1/libgcc.a(_dvmd_tls.o)
                              /usr/lib/gcc/arm-none-eabi/6.3.1/libgcc.a(_udivsi3.o) (__aeabi_idiv0)

Memory Configuration

Name             Origin             Length             Attributes
*default*        0x0000000000000000 0xffffffffffffffff

Linker script and memory map

LOAD build/Entry.os
LOAD build/boot/Main.o
LOAD build/boot/Handler.o
LOAD build/Regs.o
LOAD build/Interrupt.o
LOAD build/Uart.o
LOAD build/Timer.o
LOAD build/stdlib.o
LOAD build/stdio.o
LOAD build/armcpu.o
LOAD build/task.o
LOAD build/kernel.o
LOAD /usr/lib/gcc/arm-none-eabi/6.3.1/libgcc.a
                0x0000000000000000                . = 0x0

.text           0x0000000000000000     0x163c
 *(vector_start)
 *(.text .rodata)
 .text          0x0000000000000000       0xd4 build/Entry.os
                0x0000000000000000                vector_start
                0x000000000000003c                vector_end
 .text          0x00000000000000d4      0x280 build/boot/Main.o
                0x00000000000000d4                main
 .rodata        0x0000000000000354      0x130 build/boot/Main.o
 .text          0x0000000000000484       0x24 build/boot/Handler.o
                0x0000000000000484                Irq_Handler
                0x00000000000004a0                Fiq_Handler
 .text          0x00000000000004a8        0x0 build/Regs.o
 .text          0x00000000000004a8      0x2ec build/Interrupt.o
                0x00000000000004a8                Hal_interrupt_init
                0x0000000000000544                Hal_interrupt_enable
                0x0000000000000608                Hal_interrupt_disable
                0x00000000000006d4                Hal_interrupt_register_handler
                0x000000000000070c                Hal_interrupt_run_handler
 .text          0x0000000000000794      0x1bc build/Uart.o
                0x0000000000000794                Hal_uart_init
                0x0000000000000834                Hal_uart_put_char
                0x0000000000000890                Hal_uart_get_char
 .text          0x0000000000000950      0x210 build/Timer.o
                0x0000000000000950                Hal_timer_init
                0x0000000000000af4                Hal_timer_get_1ms_counter
 .text          0x0000000000000b60       0x48 build/stdlib.o
                0x0000000000000b60                delay
 .text          0x0000000000000ba8      0x45c build/stdio.o
                0x0000000000000ba8                putstr
                0x0000000000000c08                debug_printf
                0x0000000000000c58                vsprintf
                0x0000000000000ef0                utoa
 .rodata        0x0000000000001004       0x12 build/stdio.o
 *fill*         0x0000000000001016        0x2 
 .text          0x0000000000001018       0xb0 build/armcpu.o
                0x0000000000001018                enable_irq
                0x0000000000001044                enable_fiq
                0x0000000000001070                disable_irq
                0x000000000000109c                disable_fiq
 .text          0x00000000000010c8      0x434 build/task.o
                0x00000000000010c8                Kernel_task_init
                0x0000000000001214                Kernel_task_create
                0x00000000000012b8                Kernel_task_scheduler
                0x0000000000001468                Kernel_task_start
                0x00000000000014a8                Kernel_task_context_switching
 .text          0x00000000000014fc       0x28 build/kernel.o
                0x00000000000014fc                Kernel_start
                0x0000000000001510                Kernel_yield
 .text          0x0000000000001524      0x114 /usr/lib/gcc/arm-none-eabi/6.3.1/libgcc.a(_udivsi3.o)
                0x0000000000001524                __udivsi3
                0x0000000000001524                __aeabi_uidiv
                0x0000000000001618                __aeabi_uidivmod
 .text          0x0000000000001638        0x4 /usr/lib/gcc/arm-none-eabi/6.3.1/libgcc.a(_dvmd_tls.o)
                0x0000000000001638                __aeabi_ldiv0
                0x0000000000001638                __aeabi_idiv0

.glue_7         0x000000000000163c        0x0
 .glue_7        0x000000000000163c        0x0 linker stubs

.glue_7t        0x000000000000163c        0x0
 .glue_7t       0x000000000000163c        0x0 linker stubs

.vfp11_veneer   0x000000000000163c        0x0
 .vfp11_veneer  0x000000000000163c        0x0 linker stubs

.v4_bx          0x000000000000163c        0x0
 .v4_bx         0x000000000000163c        0x0 linker stubs

.iplt           0x000000000000163c        0x0
 .iplt          0x000000000000163c        0x0 build/Entry.os

.rel.dyn        0x000000000000163c        0x0
 .rel.iplt      0x000000000000163c        0x0 build/Entry.os

.data           0x000000000000163c       0x10
 *(.data)
 .data          0x000000000000163c        0x0 build/Entry.os
 .data          0x000000000000163c        0x0 build/boot/Main.o
 .data          0x000000000000163c        0x0 build/boot/Handler.o
 .data          0x000000000000163c       0x10 build/Regs.o
                0x000000000000163c                Uart
                0x0000000000001640                GicCpu
                0x0000000000001644                GicDist
                0x0000000000001648                Timer
 .data          0x000000000000164c        0x0 build/Interrupt.o
 .data          0x000000000000164c        0x0 build/Uart.o
 .data          0x000000000000164c        0x0 build/Timer.o
 .data          0x000000000000164c        0x0 build/stdlib.o
 .data          0x000000000000164c        0x0 build/stdio.o
 .data          0x000000000000164c        0x0 build/armcpu.o
 .data          0x000000000000164c        0x0 build/task.o
 .data          0x000000000000164c        0x0 build/kernel.o
 .data          0x000000000000164c        0x0 /usr/lib/gcc/arm-none-eabi/6.3.1/libgcc.a(_udivsi3.o)
 .data          0x000000000000164c        0x0 /usr/lib/gcc/arm-none-eabi/6.3.1/libgcc.a(_dvmd_tls.o)

.igot.plt       0x000000000000164c        0x0
 .igot.plt      0x000000000000164c        0x0 build/Entry.os

.bss            0x000000000000164c      0xb10
 *(.bss)
 .bss           0x000000000000164c        0x0 build/Entry.os
 .bss           0x000000000000164c        0x0 build/boot/Main.o
 .bss           0x000000000000164c        0x0 build/boot/Handler.o
 .bss           0x000000000000164c        0x0 build/Regs.o
 .bss           0x000000000000164c      0x3fc build/Interrupt.o
 .bss           0x0000000000001a48        0x0 build/Uart.o
 .bss           0x0000000000001a48        0x4 build/Timer.o
 .bss           0x0000000000001a4c        0x0 build/stdlib.o
 .bss           0x0000000000001a4c      0x400 build/stdio.o
 .bss           0x0000000000001e4c        0x0 build/armcpu.o
 .bss           0x0000000000001e4c      0x310 build/task.o
 .bss           0x000000000000215c        0x0 build/kernel.o
 .bss           0x000000000000215c        0x0 /usr/lib/gcc/arm-none-eabi/6.3.1/libgcc.a(_udivsi3.o)
 .bss           0x000000000000215c        0x0 /usr/lib/gcc/arm-none-eabi/6.3.1/libgcc.a(_dvmd_tls.o)
OUTPUT(build/navilos.axf elf32-littlearm)

.ARM.attributes
                0x0000000000000000       0x33
 .ARM.attributes
                0x0000000000000000       0x25 build/Entry.os
 .ARM.attributes
                0x0000000000000025       0x37 build/boot/Main.o
 .ARM.attributes
                0x000000000000005c       0x37 build/boot/Handler.o
 .ARM.attributes
                0x0000000000000093       0x37 build/Regs.o
 .ARM.attributes
                0x00000000000000ca       0x37 build/Interrupt.o
 .ARM.attributes
                0x0000000000000101       0x37 build/Uart.o
 .ARM.attributes
                0x0000000000000138       0x37 build/Timer.o
 .ARM.attributes
                0x000000000000016f       0x37 build/stdlib.o
 .ARM.attributes
                0x00000000000001a6       0x37 build/stdio.o
 .ARM.attributes
                0x00000000000001dd       0x37 build/armcpu.o
 .ARM.attributes
                0x0000000000000214       0x37 build/task.o
 .ARM.attributes
                0x000000000000024b       0x37 build/kernel.o
 .ARM.attributes
                0x0000000000000282       0x18 /usr/lib/gcc/arm-none-eabi/6.3.1/libgcc.a(_udivsi3.o)
 .ARM.attributes
                0x000000000000029a       0x18 /usr/lib/gcc/arm-none-eabi/6.3.1/libgcc.a(_dvmd_tls.o)

.comment        0x0000000000000000       0x31
 .comment       0x0000000000000000       0x31 build/boot/Main.o
                                         0x32 (size before relaxing)
 .comment       0x0000000000000031       0x32 build/boot/Handler.o
 .comment       0x0000000000000031       0x32 build/Regs.o
 .comment       0x0000000000000031       0x32 build/Interrupt.o
 .comment       0x0000000000000031       0x32 build/Uart.o
 .comment       0x0000000000000031       0x32 build/Timer.o
 .comment       0x0000000000000031       0x32 build/stdlib.o
 .comment       0x0000000000000031       0x32 build/stdio.o
 .comment       0x0000000000000031       0x32 build/armcpu.o
 .comment       0x0000000000000031       0x32 build/task.o
 .comment       0x0000000000000031       0x32 build/kernel.o

.debug_line     0x0000000000000000      0x903
 .debug_line    0x0000000000000000       0x6d build/Entry.os
 .debug_line    0x000000000000006d       0xf4 build/boot/Main.o
 .debug_line    0x0000000000000161       0x44 build/boot/Handler.o
 .debug_line    0x00000000000001a5       0xa9 build/Regs.o
 .debug_line    0x000000000000024e      0x10b build/Interrupt.o
 .debug_line    0x0000000000000359       0xc4 build/Uart.o
 .debug_line    0x000000000000041d       0xbb build/Timer.o
 .debug_line    0x00000000000004d8       0x99 build/stdlib.o
 .debug_line    0x0000000000000571      0x111 build/stdio.o
 .debug_line    0x0000000000000682       0x55 build/armcpu.o
 .debug_line    0x00000000000006d7      0x117 build/task.o
 .debug_line    0x00000000000007ee       0x42 build/kernel.o
 .debug_line    0x0000000000000830       0x78 /usr/lib/gcc/arm-none-eabi/6.3.1/libgcc.a(_udivsi3.o)
 .debug_line    0x00000000000008a8       0x5b /usr/lib/gcc/arm-none-eabi/6.3.1/libgcc.a(_dvmd_tls.o)

.debug_info     0x0000000000000000     0x3096
 .debug_info    0x0000000000000000       0x46 build/Entry.os
 .debug_info    0x0000000000000046      0x1be build/boot/Main.o
 .debug_info    0x0000000000000204       0x8e build/boot/Handler.o
 .debug_info    0x0000000000000292     0x112a build/Regs.o
 .debug_info    0x00000000000013bc      0x645 build/Interrupt.o
 .debug_info    0x0000000000001a01      0xb2d build/Uart.o
 .debug_info    0x000000000000252e      0x2b4 build/Timer.o
 .debug_info    0x00000000000027e2       0xaf build/stdlib.o
 .debug_info    0x0000000000002891      0x2bb build/stdio.o
 .debug_info    0x0000000000002b4c       0x6a build/armcpu.o
 .debug_info    0x0000000000002bb6      0x2ef build/task.o
 .debug_info    0x0000000000002ea5       0x95 build/kernel.o
 .debug_info    0x0000000000002f3a       0xae /usr/lib/gcc/arm-none-eabi/6.3.1/libgcc.a(_udivsi3.o)
 .debug_info    0x0000000000002fe8       0xae /usr/lib/gcc/arm-none-eabi/6.3.1/libgcc.a(_dvmd_tls.o)

.debug_abbrev   0x0000000000000000      0x9c5
 .debug_abbrev  0x0000000000000000       0x14 build/Entry.os
 .debug_abbrev  0x0000000000000014       0xa4 build/boot/Main.o
 .debug_abbrev  0x00000000000000b8       0x5a build/boot/Handler.o
 .debug_abbrev  0x0000000000000112      0x102 build/Regs.o
 .debug_abbrev  0x0000000000000214      0x17a build/Interrupt.o
 .debug_abbrev  0x000000000000038e      0x17b build/Uart.o
 .debug_abbrev  0x0000000000000509      0x118 build/Timer.o
 .debug_abbrev  0x0000000000000621       0x6d build/stdlib.o
 .debug_abbrev  0x000000000000068e      0x11f build/stdio.o
 .debug_abbrev  0x00000000000007ad       0x2c build/armcpu.o
 .debug_abbrev  0x00000000000007d9      0x182 build/task.o
 .debug_abbrev  0x000000000000095b       0x42 build/kernel.o
 .debug_abbrev  0x000000000000099d       0x14 /usr/lib/gcc/arm-none-eabi/6.3.1/libgcc.a(_udivsi3.o)
 .debug_abbrev  0x00000000000009b1       0x14 /usr/lib/gcc/arm-none-eabi/6.3.1/libgcc.a(_dvmd_tls.o)

.debug_aranges  0x0000000000000000      0x1b8
 .debug_aranges
                0x0000000000000000       0x20 build/Entry.os
 .debug_aranges
                0x0000000000000020       0x20 build/boot/Main.o
 .debug_aranges
                0x0000000000000040       0x20 build/boot/Handler.o
 .debug_aranges
                0x0000000000000060       0x18 build/Regs.o
 .debug_aranges
                0x0000000000000078       0x20 build/Interrupt.o
 .debug_aranges
                0x0000000000000098       0x20 build/Uart.o
 .debug_aranges
                0x00000000000000b8       0x20 build/Timer.o
 .debug_aranges
                0x00000000000000d8       0x20 build/stdlib.o
 .debug_aranges
                0x00000000000000f8       0x20 build/stdio.o
 .debug_aranges
                0x0000000000000118       0x20 build/armcpu.o
 .debug_aranges
                0x0000000000000138       0x20 build/task.o
 .debug_aranges
                0x0000000000000158       0x20 build/kernel.o
 .debug_aranges
                0x0000000000000178       0x20 /usr/lib/gcc/arm-none-eabi/6.3.1/libgcc.a(_udivsi3.o)
 .debug_aranges
                0x0000000000000198       0x20 /usr/lib/gcc/arm-none-eabi/6.3.1/libgcc.a(_dvmd_tls.o)

.debug_str      0x0000000000000000      0xb45
 .debug_str     0x0000000000000000      0x146 build/boot/Main.o
                                        0x188 (size before relaxing)
 .debug_str     0x0000000000000146       0x27 build/boot/Handler.o
                                        0x112 (size before relaxing)
 .debug_str     0x000000000000016d      0x5ac build/Regs.o
                                        0x6bb (size before relaxing)
 .debug_str     0x0000000000000719       0xbb build/Interrupt.o
                                        0x3ca (size before relaxing)
 .debug_str     0x00000000000007d4       0x68 build/Uart.o
                                        0x46a (size before relaxing)
 .debug_str     0x000000000000083c       0x5c build/Timer.o
                                        0x263 (size before relaxing)
 .debug_str     0x0000000000000898       0x18 build/stdlib.o
                                        0x117 (size before relaxing)
 .debug_str     0x00000000000008b0       0x82 build/stdio.o
                                        0x1a4 (size before relaxing)
 .debug_str     0x0000000000000932       0x3b build/armcpu.o
                                         0xa2 (size before relaxing)
 .debug_str     0x000000000000096d      0x1ae build/task.o
                                        0x2c8 (size before relaxing)
 .debug_str     0x0000000000000b1b       0x2a build/kernel.o
                                        0x11e (size before relaxing)

.debug_frame    0x0000000000000000      0x5c0
 .debug_frame   0x0000000000000000       0xfc build/boot/Main.o
 .debug_frame   0x00000000000000fc       0x50 build/boot/Handler.o
 .debug_frame   0x000000000000014c       0xb0 build/Interrupt.o
 .debug_frame   0x00000000000001fc       0x8c build/Uart.o
 .debug_frame   0x0000000000000288       0x70 build/Timer.o
 .debug_frame   0x00000000000002f8       0x30 build/stdlib.o
 .debug_frame   0x0000000000000328       0xac build/stdio.o
 .debug_frame   0x00000000000003d4       0x90 build/armcpu.o
 .debug_frame   0x0000000000000464       0xf4 build/task.o
 .debug_frame   0x0000000000000558       0x48 build/kernel.o
 .debug_frame   0x00000000000005a0       0x20 /usr/lib/gcc/arm-none-eabi/6.3.1/libgcc.a(_udivsi3.o)
